Compiling 1 files with Solc 0.8.36
Solc 0.8.36 finished in 439.03ms
Compiler run successful with warnings:
Warning (6335): "at" will be promoted to keyword in the future and will not be allowed as an identifier anymore.
   --> lib/openzeppelin-contracts/contracts/utils/structs/Checkpoints.sol:129:5:
    |
129 |     function at(Trace256 storage self, uint32 index) internal view returns (Checkpoint256 memory) {
    |     ^ (Relevant source part starts here and spans across multiple lines).

Warning (6335): "at" will be promoted to keyword in the future and will not be allowed as an identifier anymore.
   --> lib/openzeppelin-contracts/contracts/utils/structs/Checkpoints.sol:344:5:
    |
344 |     function at(Trace224 storage self, uint32 index) internal view returns (Checkpoint224 memory) {
    |     ^ (Relevant source part starts here and spans across multiple lines).

Warning (6335): "at" will be promoted to keyword in the future and will not be allowed as an identifier anymore.
   --> lib/openzeppelin-contracts/contracts/utils/structs/Checkpoints.sol:559:5:
    |
559 |     function at(Trace208 storage self, uint32 index) internal view returns (Checkpoint208 memory) {
    |     ^ (Relevant source part starts here and spans across multiple lines).

Warning (6335): "at" will be promoted to keyword in the future and will not be allowed as an identifier anymore.
   --> lib/openzeppelin-contracts/contracts/utils/structs/Checkpoints.sol:774:5:
    |
774 |     function at(Trace160 storage self, uint32 index) internal view returns (Checkpoint160 memory) {
    |     ^ (Relevant source part starts here and spans across multiple lines).

2026-09-08T09:12:11.486233Z  WARN evm::traces::external: etherscan config not found

Ran 1 test for test/audit/SystemAudit.t.sol:SystemAuditTest
[FAIL: required action not explored: 0 <= 0] test_SystemTransitionEvidence() (gas: 126038587)
Logs:
  operation: 0
  successful: 18
  inapplicable: 0
  operation: 1
  successful: 16
  inapplicable: 0
  operation: 2
  successful: 9
  inapplicable: 7
  operation: 3
  successful: 9
  inapplicable: 16
  operation: 4
  successful: 12
  inapplicable: 13
  operation: 5
  successful: 7
  inapplicable: 12
  operation: 6
  successful: 1
  inapplicable: 16
  operation: 7
  successful: 0
  inapplicable: 11

Suite result: FAILED. 0 passed; 1 failed; 0 skipped; finished in 128.70ms (124.58ms CPU time)

Ran 1 test suite in 131.85ms (128.70ms CPU time): 0 tests passed, 1 failed, 0 skipped (1 total tests)

Failing tests:
Encountered 1 failing test in test/audit/SystemAudit.t.sol:SystemAuditTest
[FAIL: required action not explored: 0 <= 0] test_SystemTransitionEvidence() (gas: 126038587)

Encountered a total of 1 failing tests, 0 tests succeeded

Tip: Run `forge test --rerun` to retry only the 1 failed test
